[zero | val] pearson=0.0000  centered_pearson=0.0000  delta_pearson=0.0620  retrieval=0.5000  topk_dir=0.0465  rmse=1.1764
[zero | test] pearson=0.0000  centered_pearson=0.0000  delta_pearson=0.0693  retrieval=0.5000  topk_dir=0.0471  rmse=1.1416
[context_mean | val] pearson=0.2014  centered_pearson=0.0000  delta_pearson=0.0000  retrieval=0.5000  topk_dir=0.1598  rmse=1.1575
[context_mean | test] pearson=0.1999  centered_pearson=0.0000  delta_pearson=0.0000  retrieval=0.5000  topk_dir=0.1552  rmse=1.1245
knn_tanimoto: val centered_pearson by param {1: 0.0325, 3: 0.0365, 5: 0.0407, 10: 0.038, 20: 0.0414, 50: 0.0408} -> best=20
[knn_tanimoto | val] pearson=0.1705  centered_pearson=0.0414  delta_pearson=0.0498  retrieval=0.4350  topk_dir=0.1429  rmse=1.1794
[knn_tanimoto | test] pearson=0.1716  centered_pearson=0.0426  delta_pearson=0.0525  retrieval=0.4382  topk_dir=0.1417  rmse=1.1430
ridge_fp: val centered_pearson by param {10.0: 0.0265, 100.0: 0.0346, 1000.0: 0.0482, 10000.0: 0.0532} -> best=10000.0
[ridge_fp | val] pearson=0.2057  centered_pearson=0.0532  delta_pearson=0.0601  retrieval=0.4217  topk_dir=0.1597  rmse=1.1557
[ridge_fp | test] pearson=0.2013  centered_pearson=0.0413  delta_pearson=0.0504  retrieval=0.4405  topk_dir=0.1547  rmse=1.1242
  mlp epoch 1/40 train_loss=1.5195 val_centered_pearson=0.0496
  mlp epoch 2/40 train_loss=1.5111 val_centered_pearson=0.0563
  mlp epoch 3/40 train_loss=1.4460 val_centered_pearson=0.0534
  mlp epoch 4/40 train_loss=1.2825 val_centered_pearson=0.0509
  mlp epoch 5/40 train_loss=1.3165 val_centered_pearson=0.0551
  mlp epoch 6/40 train_loss=1.2616 val_centered_pearson=0.0560
  mlp epoch 7/40 train_loss=1.2804 val_centered_pearson=0.0571
  mlp epoch 8/40 train_loss=1.2281 val_centered_pearson=0.0589
  mlp epoch 9/40 train_loss=1.1822 val_centered_pearson=0.0596
  mlp epoch 10/40 train_loss=1.1985 val_centered_pearson=0.0590
  mlp epoch 11/40 train_loss=1.3028 val_centered_pearson=0.0578
  mlp epoch 12/40 train_loss=1.1985 val_centered_pearson=0.0560
  mlp epoch 13/40 train_loss=1.1177 val_centered_pearson=0.0563
  mlp epoch 14/40 train_loss=1.2097 val_centered_pearson=0.0583
  mlp epoch 15/40 train_loss=1.1270 val_centered_pearson=0.0575
  mlp epoch 16/40 train_loss=1.1904 val_centered_pearson=0.0577
  mlp epoch 17/40 train_loss=1.1822 val_centered_pearson=0.0577
  mlp epoch 18/40 train_loss=1.1205 val_centered_pearson=0.0570
  mlp epoch 19/40 train_loss=1.1016 val_centered_pearson=0.0575
  mlp epoch 20/40 train_loss=1.1690 val_centered_pearson=0.0589
  mlp epoch 21/40 train_loss=1.2511 val_centered_pearson=0.0577
  mlp epoch 22/40 train_loss=1.0154 val_centered_pearson=0.0562
  mlp epoch 23/40 train_loss=1.0848 val_centered_pearson=0.0568
  mlp epoch 24/40 train_loss=1.1300 val_centered_pearson=0.0551
  mlp epoch 25/40 train_loss=1.1653 val_centered_pearson=0.0570
  mlp epoch 26/40 train_loss=1.2203 val_centered_pearson=0.0572
  mlp epoch 27/40 train_loss=1.2432 val_centered_pearson=0.0570
  mlp epoch 28/40 train_loss=1.0918 val_centered_pearson=0.0572
  mlp epoch 29/40 train_loss=1.1948 val_centered_pearson=0.0565
  mlp epoch 30/40 train_loss=1.0378 val_centered_pearson=0.0566
  mlp epoch 31/40 train_loss=1.1524 val_centered_pearson=0.0569
  mlp epoch 32/40 train_loss=1.0826 val_centered_pearson=0.0567
  mlp epoch 33/40 train_loss=1.0906 val_centered_pearson=0.0567
  mlp epoch 34/40 train_loss=1.1128 val_centered_pearson=0.0563
  mlp epoch 35/40 train_loss=1.0456 val_centered_pearson=0.0565
  mlp epoch 36/40 train_loss=1.1501 val_centered_pearson=0.0566
  mlp epoch 37/40 train_loss=1.0837 val_centered_pearson=0.0565
  mlp epoch 38/40 train_loss=1.1831 val_centered_pearson=0.0565
  mlp epoch 39/40 train_loss=1.1249 val_centered_pearson=0.0565
  mlp epoch 40/40 train_loss=1.1781 val_centered_pearson=0.0565
[mlp_fp | val] pearson=0.1800  centered_pearson=0.0596  delta_pearson=0.0729  retrieval=0.4440  topk_dir=0.1447  rmse=1.1777
[mlp_fp | test] pearson=0.1809  centered_pearson=0.0539  delta_pearson=0.0708  retrieval=0.4424  topk_dir=0.1428  rmse=1.1483
