  mlp epoch 1/40 train_loss=1.5592 val_centered_pearson=0.0350
  mlp epoch 2/40 train_loss=1.5433 val_centered_pearson=0.0288
  mlp epoch 3/40 train_loss=1.4754 val_centered_pearson=0.0419
  mlp epoch 4/40 train_loss=1.3224 val_centered_pearson=0.0342
  mlp epoch 5/40 train_loss=1.3654 val_centered_pearson=0.0351
  mlp epoch 6/40 train_loss=1.3195 val_centered_pearson=0.0420
  mlp epoch 7/40 train_loss=1.3275 val_centered_pearson=0.0351
  mlp epoch 8/40 train_loss=1.3180 val_centered_pearson=0.0359
  mlp epoch 9/40 train_loss=1.2553 val_centered_pearson=0.0409
  mlp epoch 10/40 train_loss=1.2474 val_centered_pearson=0.0394
  mlp epoch 11/40 train_loss=1.3460 val_centered_pearson=0.0407
  mlp epoch 12/40 train_loss=1.2476 val_centered_pearson=0.0426
  mlp epoch 13/40 train_loss=1.1683 val_centered_pearson=0.0466
  mlp epoch 14/40 train_loss=1.2495 val_centered_pearson=0.0401
  mlp epoch 15/40 train_loss=1.2106 val_centered_pearson=0.0392
  mlp epoch 16/40 train_loss=1.2491 val_centered_pearson=0.0377
  mlp epoch 17/40 train_loss=1.2265 val_centered_pearson=0.0397
  mlp epoch 18/40 train_loss=1.1676 val_centered_pearson=0.0377
  mlp epoch 19/40 train_loss=1.1332 val_centered_pearson=0.0451
  mlp epoch 20/40 train_loss=1.2212 val_centered_pearson=0.0425
  mlp epoch 21/40 train_loss=1.3116 val_centered_pearson=0.0454
  mlp epoch 22/40 train_loss=1.0750 val_centered_pearson=0.0419
  mlp epoch 23/40 train_loss=1.1478 val_centered_pearson=0.0394
  mlp epoch 24/40 train_loss=1.1864 val_centered_pearson=0.0380
  mlp epoch 25/40 train_loss=1.1991 val_centered_pearson=0.0416
  mlp epoch 26/40 train_loss=1.2711 val_centered_pearson=0.0393
  mlp epoch 27/40 train_loss=1.3014 val_centered_pearson=0.0403
  mlp epoch 28/40 train_loss=1.1452 val_centered_pearson=0.0406
  mlp epoch 29/40 train_loss=1.2376 val_centered_pearson=0.0376
  mlp epoch 30/40 train_loss=1.0797 val_centered_pearson=0.0403
  mlp epoch 31/40 train_loss=1.2336 val_centered_pearson=0.0406
  mlp epoch 32/40 train_loss=1.1256 val_centered_pearson=0.0409
  mlp epoch 33/40 train_loss=1.1638 val_centered_pearson=0.0400
  mlp epoch 34/40 train_loss=1.1665 val_centered_pearson=0.0394
  mlp epoch 35/40 train_loss=1.1009 val_centered_pearson=0.0398
  mlp epoch 36/40 train_loss=1.2136 val_centered_pearson=0.0399
  mlp epoch 37/40 train_loss=1.1249 val_centered_pearson=0.0401
  mlp epoch 38/40 train_loss=1.2311 val_centered_pearson=0.0403
  mlp epoch 39/40 train_loss=1.1696 val_centered_pearson=0.0402
  mlp epoch 40/40 train_loss=1.2359 val_centered_pearson=0.0402
[probe_name+smiles_eos12 | val] pearson=0.1990  centered_pearson=0.0466  delta_pearson=0.0656  retrieval=0.4591  topk_dir=0.1559  rmse=1.1603
[probe_name+smiles_eos12 | test] pearson=0.1936  centered_pearson=0.0348  delta_pearson=0.0652  retrieval=0.4678  topk_dir=0.1505  rmse=1.1305
  mlp epoch 1/40 train_loss=1.6210 val_centered_pearson=0.0228
  mlp epoch 2/40 train_loss=1.5943 val_centered_pearson=0.0420
  mlp epoch 3/40 train_loss=1.5160 val_centered_pearson=0.0379
  mlp epoch 4/40 train_loss=1.3726 val_centered_pearson=0.0333
  mlp epoch 5/40 train_loss=1.4272 val_centered_pearson=0.0347
  mlp epoch 6/40 train_loss=1.3569 val_centered_pearson=0.0390
  mlp epoch 7/40 train_loss=1.3792 val_centered_pearson=0.0480
  mlp epoch 8/40 train_loss=1.3761 val_centered_pearson=0.0370
  mlp epoch 9/40 train_loss=1.3020 val_centered_pearson=0.0359
  mlp epoch 10/40 train_loss=1.2753 val_centered_pearson=0.0371
  mlp epoch 11/40 train_loss=1.3999 val_centered_pearson=0.0365
  mlp epoch 12/40 train_loss=1.2979 val_centered_pearson=0.0373
  mlp epoch 13/40 train_loss=1.2012 val_centered_pearson=0.0356
  mlp epoch 14/40 train_loss=1.3341 val_centered_pearson=0.0427
  mlp epoch 15/40 train_loss=1.2490 val_centered_pearson=0.0368
  mlp epoch 16/40 train_loss=1.2871 val_centered_pearson=0.0397
  mlp epoch 17/40 train_loss=1.2842 val_centered_pearson=0.0423
  mlp epoch 18/40 train_loss=1.2078 val_centered_pearson=0.0382
  mlp epoch 19/40 train_loss=1.1917 val_centered_pearson=0.0380
  mlp epoch 20/40 train_loss=1.2925 val_centered_pearson=0.0401
  mlp epoch 21/40 train_loss=1.3847 val_centered_pearson=0.0370
  mlp epoch 22/40 train_loss=1.1099 val_centered_pearson=0.0366
  mlp epoch 23/40 train_loss=1.1837 val_centered_pearson=0.0335
  mlp epoch 24/40 train_loss=1.2175 val_centered_pearson=0.0368
  mlp epoch 25/40 train_loss=1.2334 val_centered_pearson=0.0374
  mlp epoch 26/40 train_loss=1.2767 val_centered_pearson=0.0376
  mlp epoch 27/40 train_loss=1.3238 val_centered_pearson=0.0357
  mlp epoch 28/40 train_loss=1.1778 val_centered_pearson=0.0398
  mlp epoch 29/40 train_loss=1.2745 val_centered_pearson=0.0349
  mlp epoch 30/40 train_loss=1.1278 val_centered_pearson=0.0365
  mlp epoch 31/40 train_loss=1.2856 val_centered_pearson=0.0348
  mlp epoch 32/40 train_loss=1.1970 val_centered_pearson=0.0364
  mlp epoch 33/40 train_loss=1.2019 val_centered_pearson=0.0377
  mlp epoch 34/40 train_loss=1.2084 val_centered_pearson=0.0347
  mlp epoch 35/40 train_loss=1.1436 val_centered_pearson=0.0367
  mlp epoch 36/40 train_loss=1.2498 val_centered_pearson=0.0369
  mlp epoch 37/40 train_loss=1.1728 val_centered_pearson=0.0352
  mlp epoch 38/40 train_loss=1.2659 val_centered_pearson=0.0365
  mlp epoch 39/40 train_loss=1.2137 val_centered_pearson=0.0361
  mlp epoch 40/40 train_loss=1.2694 val_centered_pearson=0.0361
[probe_name+smiles_eos24 | val] pearson=0.1981  centered_pearson=0.0480  delta_pearson=0.0625  retrieval=0.4590  topk_dir=0.1548  rmse=1.1647
[probe_name+smiles_eos24 | test] pearson=0.1949  centered_pearson=0.0381  delta_pearson=0.0590  retrieval=0.4662  topk_dir=0.1514  rmse=1.1349
  mlp epoch 1/40 train_loss=1.5212 val_centered_pearson=0.0386
  mlp epoch 2/40 train_loss=1.5203 val_centered_pearson=0.0452
  mlp epoch 3/40 train_loss=1.4180 val_centered_pearson=0.0473
  mlp epoch 4/40 train_loss=1.2956 val_centered_pearson=0.0415
  mlp epoch 5/40 train_loss=1.3294 val_centered_pearson=0.0386
  mlp epoch 6/40 train_loss=1.3040 val_centered_pearson=0.0447
  mlp epoch 7/40 train_loss=1.2879 val_centered_pearson=0.0429
  mlp epoch 8/40 train_loss=1.2858 val_centered_pearson=0.0456
  mlp epoch 9/40 train_loss=1.2013 val_centered_pearson=0.0453
  mlp epoch 10/40 train_loss=1.2191 val_centered_pearson=0.0437
  mlp epoch 11/40 train_loss=1.3165 val_centered_pearson=0.0438
  mlp epoch 12/40 train_loss=1.2265 val_centered_pearson=0.0446
  mlp epoch 13/40 train_loss=1.1340 val_centered_pearson=0.0460
  mlp epoch 14/40 train_loss=1.2026 val_centered_pearson=0.0473
  mlp epoch 15/40 train_loss=1.1635 val_centered_pearson=0.0433
  mlp epoch 16/40 train_loss=1.2256 val_centered_pearson=0.0429
  mlp epoch 17/40 train_loss=1.1989 val_centered_pearson=0.0416
  mlp epoch 18/40 train_loss=1.1413 val_centered_pearson=0.0457
  mlp epoch 19/40 train_loss=1.1487 val_centered_pearson=0.0437
  mlp epoch 20/40 train_loss=1.1900 val_centered_pearson=0.0413
  mlp epoch 21/40 train_loss=1.2623 val_centered_pearson=0.0408
  mlp epoch 22/40 train_loss=1.0412 val_centered_pearson=0.0400
  mlp epoch 23/40 train_loss=1.1204 val_centered_pearson=0.0405
  mlp epoch 24/40 train_loss=1.1511 val_centered_pearson=0.0410
  mlp epoch 25/40 train_loss=1.1872 val_centered_pearson=0.0395
  mlp epoch 26/40 train_loss=1.2391 val_centered_pearson=0.0390
  mlp epoch 27/40 train_loss=1.2329 val_centered_pearson=0.0408
  mlp epoch 28/40 train_loss=1.1163 val_centered_pearson=0.0403
  mlp epoch 29/40 train_loss=1.2051 val_centered_pearson=0.0387
  mlp epoch 30/40 train_loss=1.0481 val_centered_pearson=0.0404
  mlp epoch 31/40 train_loss=1.1957 val_centered_pearson=0.0397
  mlp epoch 32/40 train_loss=1.1147 val_centered_pearson=0.0410
  mlp epoch 33/40 train_loss=1.1016 val_centered_pearson=0.0404
  mlp epoch 34/40 train_loss=1.1360 val_centered_pearson=0.0397
  mlp epoch 35/40 train_loss=1.0718 val_centered_pearson=0.0408
  mlp epoch 36/40 train_loss=1.1729 val_centered_pearson=0.0408
  mlp epoch 37/40 train_loss=1.1038 val_centered_pearson=0.0405
  mlp epoch 38/40 train_loss=1.2017 val_centered_pearson=0.0407
  mlp epoch 39/40 train_loss=1.1447 val_centered_pearson=0.0408
  mlp epoch 40/40 train_loss=1.2108 val_centered_pearson=0.0408
[probe_name+smiles_mean12 | val] pearson=0.2006  centered_pearson=0.0473  delta_pearson=0.0753  retrieval=0.4487  topk_dir=0.1577  rmse=1.1582
[probe_name+smiles_mean12 | test] pearson=0.1941  centered_pearson=0.0397  delta_pearson=0.0713  retrieval=0.4530  topk_dir=0.1518  rmse=1.1290
  mlp epoch 1/40 train_loss=1.5340 val_centered_pearson=0.0388
  mlp epoch 2/40 train_loss=1.5371 val_centered_pearson=0.0438
  mlp epoch 3/40 train_loss=1.4427 val_centered_pearson=0.0439
  mlp epoch 4/40 train_loss=1.2887 val_centered_pearson=0.0496
  mlp epoch 5/40 train_loss=1.3361 val_centered_pearson=0.0449
  mlp epoch 6/40 train_loss=1.2942 val_centered_pearson=0.0446
  mlp epoch 7/40 train_loss=1.2816 val_centered_pearson=0.0406
  mlp epoch 8/40 train_loss=1.2957 val_centered_pearson=0.0484
  mlp epoch 9/40 train_loss=1.2056 val_centered_pearson=0.0473
  mlp epoch 10/40 train_loss=1.2171 val_centered_pearson=0.0474
  mlp epoch 11/40 train_loss=1.3128 val_centered_pearson=0.0503
  mlp epoch 12/40 train_loss=1.2247 val_centered_pearson=0.0477
  mlp epoch 13/40 train_loss=1.1468 val_centered_pearson=0.0508
  mlp epoch 14/40 train_loss=1.2080 val_centered_pearson=0.0492
  mlp epoch 15/40 train_loss=1.1690 val_centered_pearson=0.0549
  mlp epoch 16/40 train_loss=1.2312 val_centered_pearson=0.0518
  mlp epoch 17/40 train_loss=1.2013 val_centered_pearson=0.0546
  mlp epoch 18/40 train_loss=1.1501 val_centered_pearson=0.0512
  mlp epoch 19/40 train_loss=1.1379 val_centered_pearson=0.0546
  mlp epoch 20/40 train_loss=1.1917 val_centered_pearson=0.0496
  mlp epoch 21/40 train_loss=1.2824 val_centered_pearson=0.0521
  mlp epoch 22/40 train_loss=1.0368 val_centered_pearson=0.0532
  mlp epoch 23/40 train_loss=1.1215 val_centered_pearson=0.0526
  mlp epoch 24/40 train_loss=1.1476 val_centered_pearson=0.0504
  mlp epoch 25/40 train_loss=1.1858 val_centered_pearson=0.0499
  mlp epoch 26/40 train_loss=1.2463 val_centered_pearson=0.0535
  mlp epoch 27/40 train_loss=1.2464 val_centered_pearson=0.0518
  mlp epoch 28/40 train_loss=1.1174 val_centered_pearson=0.0536
  mlp epoch 29/40 train_loss=1.2155 val_centered_pearson=0.0513
  mlp epoch 30/40 train_loss=1.0385 val_centered_pearson=0.0515
  mlp epoch 31/40 train_loss=1.1823 val_centered_pearson=0.0509
  mlp epoch 32/40 train_loss=1.1019 val_centered_pearson=0.0523
  mlp epoch 33/40 train_loss=1.1123 val_centered_pearson=0.0515
  mlp epoch 34/40 train_loss=1.1424 val_centered_pearson=0.0510
  mlp epoch 35/40 train_loss=1.0799 val_centered_pearson=0.0517
  mlp epoch 36/40 train_loss=1.1602 val_centered_pearson=0.0515
  mlp epoch 37/40 train_loss=1.1100 val_centered_pearson=0.0514
  mlp epoch 38/40 train_loss=1.1987 val_centered_pearson=0.0513
  mlp epoch 39/40 train_loss=1.1541 val_centered_pearson=0.0514
  mlp epoch 40/40 train_loss=1.2183 val_centered_pearson=0.0514
[probe_name+smiles_mean24 | val] pearson=0.2017  centered_pearson=0.0549  delta_pearson=0.0735  retrieval=0.4489  topk_dir=0.1602  rmse=1.1579
[probe_name+smiles_mean24 | test] pearson=0.1915  centered_pearson=0.0390  delta_pearson=0.0620  retrieval=0.4690  topk_dir=0.1514  rmse=1.1336
probe pooling chosen on val: ('mean', 24) (0.0549)
  mlp epoch 1/40 train_loss=1.5407 val_centered_pearson=0.0394
  mlp epoch 2/40 train_loss=1.5445 val_centered_pearson=0.0429
  mlp epoch 3/40 train_loss=1.4450 val_centered_pearson=0.0499
  mlp epoch 4/40 train_loss=1.2907 val_centered_pearson=0.0483
  mlp epoch 5/40 train_loss=1.3452 val_centered_pearson=0.0518
  mlp epoch 6/40 train_loss=1.3029 val_centered_pearson=0.0494
  mlp epoch 7/40 train_loss=1.3087 val_centered_pearson=0.0423
  mlp epoch 8/40 train_loss=1.2909 val_centered_pearson=0.0483
  mlp epoch 9/40 train_loss=1.2132 val_centered_pearson=0.0527
  mlp epoch 10/40 train_loss=1.2300 val_centered_pearson=0.0528
  mlp epoch 11/40 train_loss=1.3296 val_centered_pearson=0.0553
  mlp epoch 12/40 train_loss=1.2422 val_centered_pearson=0.0603
  mlp epoch 13/40 train_loss=1.1571 val_centered_pearson=0.0546
  mlp epoch 14/40 train_loss=1.2154 val_centered_pearson=0.0554
  mlp epoch 15/40 train_loss=1.1946 val_centered_pearson=0.0549
  mlp epoch 16/40 train_loss=1.2491 val_centered_pearson=0.0574
  mlp epoch 17/40 train_loss=1.2302 val_centered_pearson=0.0575
  mlp epoch 18/40 train_loss=1.1618 val_centered_pearson=0.0510
  mlp epoch 19/40 train_loss=1.1399 val_centered_pearson=0.0553
  mlp epoch 20/40 train_loss=1.2069 val_centered_pearson=0.0576
  mlp epoch 21/40 train_loss=1.3017 val_centered_pearson=0.0530
  mlp epoch 22/40 train_loss=1.0468 val_centered_pearson=0.0554
  mlp epoch 23/40 train_loss=1.1189 val_centered_pearson=0.0532
  mlp epoch 24/40 train_loss=1.1690 val_centered_pearson=0.0564
  mlp epoch 25/40 train_loss=1.1939 val_centered_pearson=0.0550
  mlp epoch 26/40 train_loss=1.2595 val_centered_pearson=0.0556
  mlp epoch 27/40 train_loss=1.2367 val_centered_pearson=0.0567
  mlp epoch 28/40 train_loss=1.1269 val_centered_pearson=0.0567
  mlp epoch 29/40 train_loss=1.2221 val_centered_pearson=0.0538
  mlp epoch 30/40 train_loss=1.0512 val_centered_pearson=0.0547
  mlp epoch 31/40 train_loss=1.1895 val_centered_pearson=0.0572
  mlp epoch 32/40 train_loss=1.1149 val_centered_pearson=0.0569
  mlp epoch 33/40 train_loss=1.1174 val_centered_pearson=0.0572
  mlp epoch 34/40 train_loss=1.1580 val_centered_pearson=0.0567
  mlp epoch 35/40 train_loss=1.0849 val_centered_pearson=0.0574
  mlp epoch 36/40 train_loss=1.1826 val_centered_pearson=0.0568
  mlp epoch 37/40 train_loss=1.1113 val_centered_pearson=0.0566
  mlp epoch 38/40 train_loss=1.2035 val_centered_pearson=0.0567
  mlp epoch 39/40 train_loss=1.1473 val_centered_pearson=0.0566
  mlp epoch 40/40 train_loss=1.2163 val_centered_pearson=0.0566
[probe_smiles_mean24 | val] pearson=0.2049  centered_pearson=0.0603  delta_pearson=0.0802  retrieval=0.4353  topk_dir=0.1604  rmse=1.1563
[probe_smiles_mean24 | test] pearson=0.1948  centered_pearson=0.0344  delta_pearson=0.0683  retrieval=0.4608  topk_dir=0.1518  rmse=1.1299
  mlp epoch 1/40 train_loss=1.5221 val_centered_pearson=0.0435
  mlp epoch 2/40 train_loss=1.5415 val_centered_pearson=0.0462
  mlp epoch 3/40 train_loss=1.4404 val_centered_pearson=0.0445
  mlp epoch 4/40 train_loss=1.3118 val_centered_pearson=0.0479
  mlp epoch 5/40 train_loss=1.3556 val_centered_pearson=0.0448
  mlp epoch 6/40 train_loss=1.2749 val_centered_pearson=0.0404
  mlp epoch 7/40 train_loss=1.2814 val_centered_pearson=0.0423
  mlp epoch 8/40 train_loss=1.2607 val_centered_pearson=0.0406
  mlp epoch 9/40 train_loss=1.1951 val_centered_pearson=0.0437
  mlp epoch 10/40 train_loss=1.2114 val_centered_pearson=0.0380
  mlp epoch 11/40 train_loss=1.3384 val_centered_pearson=0.0412
  mlp epoch 12/40 train_loss=1.1983 val_centered_pearson=0.0384
  mlp epoch 13/40 train_loss=1.1449 val_centered_pearson=0.0348
  mlp epoch 14/40 train_loss=1.2404 val_centered_pearson=0.0368
  mlp epoch 15/40 train_loss=1.1406 val_centered_pearson=0.0393
  mlp epoch 16/40 train_loss=1.1996 val_centered_pearson=0.0349
  mlp epoch 17/40 train_loss=1.2120 val_centered_pearson=0.0353
  mlp epoch 18/40 train_loss=1.1370 val_centered_pearson=0.0362
  mlp epoch 19/40 train_loss=1.1339 val_centered_pearson=0.0343
  mlp epoch 20/40 train_loss=1.1828 val_centered_pearson=0.0369
  mlp epoch 21/40 train_loss=1.2776 val_centered_pearson=0.0348
  mlp epoch 22/40 train_loss=1.0304 val_centered_pearson=0.0358
  mlp epoch 23/40 train_loss=1.1148 val_centered_pearson=0.0351
  mlp epoch 24/40 train_loss=1.1348 val_centered_pearson=0.0338
  mlp epoch 25/40 train_loss=1.1665 val_centered_pearson=0.0345
  mlp epoch 26/40 train_loss=1.2346 val_centered_pearson=0.0340
  mlp epoch 27/40 train_loss=1.2430 val_centered_pearson=0.0333
  mlp epoch 28/40 train_loss=1.0958 val_centered_pearson=0.0348
  mlp epoch 29/40 train_loss=1.1910 val_centered_pearson=0.0334
  mlp epoch 30/40 train_loss=1.0344 val_centered_pearson=0.0338
  mlp epoch 31/40 train_loss=1.1765 val_centered_pearson=0.0345
  mlp epoch 32/40 train_loss=1.0982 val_centered_pearson=0.0343
  mlp epoch 33/40 train_loss=1.0887 val_centered_pearson=0.0347
  mlp epoch 34/40 train_loss=1.1206 val_centered_pearson=0.0338
  mlp epoch 35/40 train_loss=1.0572 val_centered_pearson=0.0344
  mlp epoch 36/40 train_loss=1.1573 val_centered_pearson=0.0344
  mlp epoch 37/40 train_loss=1.0856 val_centered_pearson=0.0341
  mlp epoch 38/40 train_loss=1.1809 val_centered_pearson=0.0341
  mlp epoch 39/40 train_loss=1.1311 val_centered_pearson=0.0341
  mlp epoch 40/40 train_loss=1.2119 val_centered_pearson=0.0341
[probe_name_mean24 | val] pearson=0.1950  centered_pearson=0.0479  delta_pearson=0.0610  retrieval=0.4546  topk_dir=0.1530  rmse=1.1673
[probe_name_mean24 | test] pearson=0.1838  centered_pearson=0.0379  delta_pearson=0.0573  retrieval=0.4654  topk_dir=0.1432  rmse=1.1440
  mlp epoch 1/40 train_loss=1.5011 val_centered_pearson=0.0517
  mlp epoch 2/40 train_loss=1.5005 val_centered_pearson=0.0572
  mlp epoch 3/40 train_loss=1.4303 val_centered_pearson=0.0577
  mlp epoch 4/40 train_loss=1.2777 val_centered_pearson=0.0581
  mlp epoch 5/40 train_loss=1.3056 val_centered_pearson=0.0638
  mlp epoch 6/40 train_loss=1.2761 val_centered_pearson=0.0630
  mlp epoch 7/40 train_loss=1.2690 val_centered_pearson=0.0646
  mlp epoch 8/40 train_loss=1.2316 val_centered_pearson=0.0715
  mlp epoch 9/40 train_loss=1.1746 val_centered_pearson=0.0701
  mlp epoch 10/40 train_loss=1.2011 val_centered_pearson=0.0711
  mlp epoch 11/40 train_loss=1.2987 val_centered_pearson=0.0724
  mlp epoch 12/40 train_loss=1.1946 val_centered_pearson=0.0693
  mlp epoch 13/40 train_loss=1.1155 val_centered_pearson=0.0717
  mlp epoch 14/40 train_loss=1.1744 val_centered_pearson=0.0697
  mlp epoch 15/40 train_loss=1.1204 val_centered_pearson=0.0757
  mlp epoch 16/40 train_loss=1.1924 val_centered_pearson=0.0730
  mlp epoch 17/40 train_loss=1.1846 val_centered_pearson=0.0736
  mlp epoch 18/40 train_loss=1.1211 val_centered_pearson=0.0726
  mlp epoch 19/40 train_loss=1.1129 val_centered_pearson=0.0712
  mlp epoch 20/40 train_loss=1.1548 val_centered_pearson=0.0735
  mlp epoch 21/40 train_loss=1.2421 val_centered_pearson=0.0760
  mlp epoch 22/40 train_loss=1.0199 val_centered_pearson=0.0747
  mlp epoch 23/40 train_loss=1.0873 val_centered_pearson=0.0744
  mlp epoch 24/40 train_loss=1.1301 val_centered_pearson=0.0736
  mlp epoch 25/40 train_loss=1.1669 val_centered_pearson=0.0750
  mlp epoch 26/40 train_loss=1.2077 val_centered_pearson=0.0741
  mlp epoch 27/40 train_loss=1.2377 val_centered_pearson=0.0738
  mlp epoch 28/40 train_loss=1.0966 val_centered_pearson=0.0752
  mlp epoch 29/40 train_loss=1.1806 val_centered_pearson=0.0754
  mlp epoch 30/40 train_loss=1.0223 val_centered_pearson=0.0743
  mlp epoch 31/40 train_loss=1.1615 val_centered_pearson=0.0766
  mlp epoch 32/40 train_loss=1.0942 val_centered_pearson=0.0757
  mlp epoch 33/40 train_loss=1.0917 val_centered_pearson=0.0755
  mlp epoch 34/40 train_loss=1.1157 val_centered_pearson=0.0751
  mlp epoch 35/40 train_loss=1.0455 val_centered_pearson=0.0751
  mlp epoch 36/40 train_loss=1.1471 val_centered_pearson=0.0753
  mlp epoch 37/40 train_loss=1.0728 val_centered_pearson=0.0754
  mlp epoch 38/40 train_loss=1.1793 val_centered_pearson=0.0755
  mlp epoch 39/40 train_loss=1.1130 val_centered_pearson=0.0754
  mlp epoch 40/40 train_loss=1.1813 val_centered_pearson=0.0754
[probe_fp+qwen_mean24 | val] pearson=0.1913  centered_pearson=0.0766  delta_pearson=0.0711  retrieval=0.4253  topk_dir=0.1511  rmse=1.1951
[probe_fp+qwen_mean24 | test] pearson=0.1775  centered_pearson=0.0640  delta_pearson=0.0581  retrieval=0.4562  topk_dir=0.1421  rmse=1.1837
