example target:
up: GFOD1 KIAA0100 LAMA3 TATDN2 ADO CBR1 HYOU1 TIMP2 UBE3C ADGRE5 CYB561 PRR15L CASP10 COL1A1 RFNG ORC1 TWF2 LYN NFKB2 TPD52L2 WASF3 NFATC3 CHMP6 ILK LSR
down: HSPB1 FAM69A CTNND1 ISOC1 NUSAP1 TIMM17B GNA11 MTA1 ITGAE RFX5 FOXJ3 DERA EXOSC4 TXLNA NCK1 MBNL1 FBXO21 POLR1C HSPD1 ANKRD10 OXA1L MAMLD1 TRAM2 ATP2C1 CEBPZ
---
sequence tokens: median=254 max=416; target tokens max=211
trainable parameters: 8.80M
step 50/2380 epoch 0 loss 2.3141 (36 rows/s)
step 100/2380 epoch 0 loss 1.9589 (41 rows/s)
step 150/2380 epoch 0 loss 1.8979 (43 rows/s)
step 200/2380 epoch 0 loss 1.8234 (43 rows/s)
step 250/2380 epoch 0 loss 1.8709 (44 rows/s)
  [val] step 297 token_loss=1.8731
step 300/2380 epoch 0 loss 1.8983 (43 rows/s)
step 350/2380 epoch 0 loss 1.8890 (44 rows/s)
step 400/2380 epoch 0 loss 1.8683 (44 rows/s)
step 450/2380 epoch 0 loss 1.8593 (45 rows/s)
step 500/2380 epoch 0 loss 1.7945 (45 rows/s)
step 550/2380 epoch 0 loss 1.8071 (45 rows/s)
  [val] step 594 token_loss=1.8254
step 600/2380 epoch 0 loss 1.7831 (44 rows/s)
step 650/2380 epoch 0 loss 1.7890 (45 rows/s)
step 700/2380 epoch 0 loss 1.8244 (45 rows/s)
step 750/2380 epoch 0 loss 1.7920 (45 rows/s)
step 800/2380 epoch 0 loss 1.7961 (45 rows/s)
step 850/2380 epoch 0 loss 1.8017 (46 rows/s)
  [val] step 891 token_loss=1.7923
step 900/2380 epoch 0 loss 1.8084 (45 rows/s)
step 950/2380 epoch 0 loss 1.7994 (45 rows/s)
step 1000/2380 epoch 0 loss 1.7734 (46 rows/s)
step 1050/2380 epoch 0 loss 1.7421 (46 rows/s)
step 1100/2380 epoch 0 loss 1.8149 (46 rows/s)
step 1150/2380 epoch 0 loss 1.7842 (46 rows/s)
  [val] step 1188 token_loss=1.7673
step 1200/2380 epoch 1 loss 1.7816 (46 rows/s)
step 1250/2380 epoch 1 loss 1.7918 (46 rows/s)
step 1300/2380 epoch 1 loss 1.7622 (46 rows/s)
step 1350/2380 epoch 1 loss 1.6812 (46 rows/s)
step 1400/2380 epoch 1 loss 1.7579 (46 rows/s)
step 1450/2380 epoch 1 loss 1.7676 (47 rows/s)
  [val] step 1485 token_loss=1.7509
step 1500/2380 epoch 1 loss 1.6878 (46 rows/s)
step 1550/2380 epoch 1 loss 1.7059 (46 rows/s)
step 1600/2380 epoch 1 loss 1.7042 (46 rows/s)
step 1650/2380 epoch 1 loss 1.7615 (47 rows/s)
step 1700/2380 epoch 1 loss 1.7158 (47 rows/s)
step 1750/2380 epoch 1 loss 1.6787 (47 rows/s)
  [val] step 1782 token_loss=1.7372
step 1800/2380 epoch 1 loss 1.7647 (47 rows/s)
step 1850/2380 epoch 1 loss 1.7032 (47 rows/s)
step 1900/2380 epoch 1 loss 1.6949 (47 rows/s)
step 1950/2380 epoch 1 loss 1.7034 (47 rows/s)
step 2000/2380 epoch 1 loss 1.6978 (47 rows/s)
step 2050/2380 epoch 1 loss 1.7792 (47 rows/s)
  [val] step 2079 token_loss=1.7309
step 2100/2380 epoch 1 loss 1.7855 (47 rows/s)
step 2150/2380 epoch 1 loss 1.7152 (47 rows/s)
step 2200/2380 epoch 1 loss 1.7000 (47 rows/s)
step 2250/2380 epoch 1 loss 1.7124 (47 rows/s)
step 2300/2380 epoch 1 loss 1.6818 (47 rows/s)
step 2350/2380 epoch 1 loss 1.7245 (47 rows/s)
  [val] step 2376 token_loss=1.7294
  [val] step 2380 token_loss=1.7294
best val token loss=1.7294 at step 2380
  generated 128/26689 (4s)
  generated 256/26689 (8s)
  generated 384/26689 (12s)
  generated 512/26689 (16s)
  generated 640/26689 (20s)
  generated 768/26689 (23s)
  generated 896/26689 (27s)
  generated 1024/26689 (31s)
  generated 1152/26689 (35s)
  generated 1280/26689 (39s)
  generated 1408/26689 (43s)
  generated 1536/26689 (47s)
  generated 1664/26689 (51s)
  generated 1792/26689 (56s)
  generated 1920/26689 (60s)
  generated 2048/26689 (64s)
  generated 2176/26689 (68s)
  generated 2304/26689 (72s)
  generated 2432/26689 (75s)
  generated 2560/26689 (80s)
  generated 2688/26689 (84s)
  generated 2816/26689 (88s)
  generated 2944/26689 (92s)
  generated 3072/26689 (96s)
  generated 3200/26689 (100s)
  generated 3328/26689 (104s)
  generated 3456/26689 (108s)
  generated 3584/26689 (112s)
  generated 3712/26689 (116s)
  generated 3840/26689 (121s)
  generated 3968/26689 (125s)
  generated 4096/26689 (129s)
  generated 4224/26689 (133s)
  generated 4352/26689 (138s)
  generated 4480/26689 (142s)
  generated 4608/26689 (146s)
  generated 4736/26689 (150s)
  generated 4864/26689 (154s)
  generated 4992/26689 (159s)
  generated 5120/26689 (163s)
  generated 5248/26689 (168s)
  generated 5376/26689 (173s)
  generated 5504/26689 (177s)
  generated 5632/26689 (182s)
  generated 5760/26689 (186s)
  generated 5888/26689 (190s)
  generated 6016/26689 (195s)
  generated 6144/26689 (199s)
  generated 6272/26689 (204s)
  generated 6400/26689 (208s)
  generated 6528/26689 (212s)
  generated 6656/26689 (216s)
  generated 6784/26689 (221s)
  generated 6912/26689 (225s)
  generated 7040/26689 (229s)
  generated 7168/26689 (234s)
  generated 7296/26689 (238s)
  generated 7424/26689 (242s)
  generated 7552/26689 (246s)
  generated 7680/26689 (250s)
  generated 7808/26689 (255s)
  generated 7936/26689 (259s)
  generated 8064/26689 (263s)
  generated 8192/26689 (267s)
  generated 8320/26689 (271s)
  generated 8448/26689 (276s)
  generated 8576/26689 (280s)
  generated 8704/26689 (285s)
  generated 8832/26689 (289s)
  generated 8960/26689 (293s)
  generated 9088/26689 (297s)
  generated 9216/26689 (302s)
  generated 9344/26689 (306s)
  generated 9472/26689 (310s)
  generated 9600/26689 (315s)
  generated 9728/26689 (319s)
  generated 9856/26689 (323s)
  generated 9984/26689 (328s)
  generated 10112/26689 (332s)
  generated 10240/26689 (336s)
  generated 10368/26689 (341s)
  generated 10496/26689 (345s)
  generated 10624/26689 (349s)
  generated 10752/26689 (354s)
  generated 10880/26689 (358s)
  generated 11008/26689 (362s)
  generated 11136/26689 (367s)
  generated 11264/26689 (398s)
  generated 11392/26689 (402s)
  generated 11520/26689 (406s)
  generated 11648/26689 (411s)
  generated 11776/26689 (415s)
  generated 11904/26689 (419s)
  generated 12032/26689 (424s)
  generated 12160/26689 (428s)
  generated 12288/26689 (432s)
  generated 12416/26689 (437s)
  generated 12544/26689 (441s)
  generated 12672/26689 (445s)
  generated 12800/26689 (450s)
  generated 12928/26689 (454s)
  generated 13056/26689 (458s)
  generated 13184/26689 (463s)
  generated 13312/26689 (467s)
  generated 13440/26689 (472s)
  generated 13568/26689 (476s)
  generated 13696/26689 (480s)
  generated 13824/26689 (485s)
  generated 13952/26689 (489s)
  generated 14080/26689 (493s)
  generated 14208/26689 (498s)
  generated 14336/26689 (502s)
  generated 14464/26689 (507s)
  generated 14592/26689 (511s)
  generated 14720/26689 (515s)
  generated 14848/26689 (520s)
  generated 14976/26689 (524s)
  generated 15104/26689 (529s)
  generated 15232/26689 (533s)
  generated 15360/26689 (537s)
  generated 15488/26689 (542s)
  generated 15616/26689 (546s)
  generated 15744/26689 (551s)
  generated 15872/26689 (555s)
  generated 16000/26689 (560s)
  generated 16128/26689 (564s)
  generated 16256/26689 (568s)
  generated 16384/26689 (573s)
  generated 16512/26689 (577s)
  generated 16640/26689 (581s)
  generated 16768/26689 (586s)
  generated 16896/26689 (590s)
  generated 17024/26689 (595s)
  generated 17152/26689 (599s)
  generated 17280/26689 (603s)
  generated 17408/26689 (608s)
  generated 17536/26689 (612s)
  generated 17664/26689 (617s)
  generated 17792/26689 (621s)
  generated 17920/26689 (625s)
  generated 18048/26689 (630s)
  generated 18176/26689 (634s)
  generated 18304/26689 (639s)
  generated 18432/26689 (643s)
  generated 18560/26689 (648s)
  generated 18688/26689 (652s)
  generated 18816/26689 (656s)
  generated 18944/26689 (661s)
  generated 19072/26689 (665s)
  generated 19200/26689 (669s)
  generated 19328/26689 (674s)
  generated 19456/26689 (678s)
  generated 19584/26689 (683s)
  generated 19712/26689 (687s)
  generated 19840/26689 (692s)
  generated 19968/26689 (696s)
  generated 20096/26689 (701s)
  generated 20224/26689 (705s)
  generated 20352/26689 (710s)
  generated 20480/26689 (714s)
  generated 20608/26689 (718s)
  generated 20736/26689 (723s)
  generated 20864/26689 (727s)
  generated 20992/26689 (732s)
  generated 21120/26689 (736s)
  generated 21248/26689 (741s)
  generated 21376/26689 (745s)
  generated 21504/26689 (750s)
  generated 21632/26689 (754s)
  generated 21760/26689 (759s)
  generated 21888/26689 (763s)
  generated 22016/26689 (768s)
  generated 22144/26689 (772s)
  generated 22272/26689 (777s)
  generated 22400/26689 (781s)
  generated 22528/26689 (786s)
  generated 22656/26689 (790s)
  generated 22784/26689 (795s)
  generated 22912/26689 (799s)
  generated 23040/26689 (804s)
  generated 23168/26689 (808s)
  generated 23296/26689 (813s)
  generated 23424/26689 (818s)
  generated 23552/26689 (822s)
  generated 23680/26689 (827s)
  generated 23808/26689 (832s)
  generated 23936/26689 (836s)
  generated 24064/26689 (841s)
  generated 24192/26689 (845s)
  generated 24320/26689 (850s)
  generated 24448/26689 (854s)
  generated 24576/26689 (859s)
  generated 24704/26689 (864s)
  generated 24832/26689 (868s)
  generated 24960/26689 (873s)
  generated 25088/26689 (878s)
  generated 25216/26689 (883s)
  generated 25344/26689 (888s)
  generated 25472/26689 (892s)
  generated 25600/26689 (897s)
  generated 25728/26689 (902s)
  generated 25856/26689 (907s)
  generated 25984/26689 (912s)
  generated 26112/26689 (917s)
  generated 26240/26689 (922s)
  generated 26368/26689 (927s)
  generated 26496/26689 (933s)
  generated 26624/26689 (939s)
  generated 26689/26689 (943s)
{
  "n": 26689,
  "well_formed_frac": 0.01701075349394882,
  "missing_section_frac": 0.0,
  "invalid_symbol_frac": 0.04081611093965642,
  "duplicate_frac": 0.0740948386770606,
  "mean_valid_up": 22.090074562553863,
  "mean_valid_down": 21.850350331597287,
  "distinct_up_lists": 25011
}
[qwen_gen | val] pearson=0.1195  centered_pearson=0.0040  delta_pearson=-0.0065  retrieval=0.4877  topk_dir=0.1472  topk25_dir=0.0957  rmse=1.3906
[qwen_gen | test] pearson=0.1174  centered_pearson=0.0027  delta_pearson=-0.0090  retrieval=0.4929  topk_dir=0.1435  topk25_dir=0.0952  rmse=1.3626
