example prompt (qwen_smiles):
cell line: A375 (skin)
time: 24 h
dose: 10 uM
smiles: OC(=O)CCc1nc(c(o1)-c1ccccc1)-c1ccccc1
---
prompt tokens: median=66 max=212
trainable parameters: 9.68M
step 50/7140 epoch 0 loss 1.2750 (234 rows/s)
step 100/7140 epoch 0 loss 1.3807 (236 rows/s)
step 150/7140 epoch 0 loss 1.5201 (234 rows/s)
step 200/7140 epoch 0 loss 2.7658 (235 rows/s)
step 250/7140 epoch 0 loss 1.7982 (238 rows/s)
  [val] step 297 centered_pearson=0.0269 mse=1.6128
step 300/7140 epoch 0 loss 1.2744 (186 rows/s)
step 350/7140 epoch 0 loss 1.8598 (190 rows/s)
step 400/7140 epoch 0 loss 1.6493 (196 rows/s)
step 450/7140 epoch 0 loss 1.6792 (200 rows/s)
step 500/7140 epoch 0 loss 2.1315 (203 rows/s)
step 550/7140 epoch 0 loss 1.4897 (206 rows/s)
  [val] step 594 centered_pearson=0.0395 mse=1.5897
step 600/7140 epoch 0 loss 2.0485 (186 rows/s)
step 650/7140 epoch 0 loss 1.3954 (189 rows/s)
step 700/7140 epoch 0 loss 1.7913 (191 rows/s)
step 750/7140 epoch 0 loss 1.5519 (194 rows/s)
step 800/7140 epoch 0 loss 1.5336 (196 rows/s)
step 850/7140 epoch 0 loss 1.7860 (197 rows/s)
  [val] step 891 centered_pearson=0.0514 mse=1.5914
step 900/7140 epoch 0 loss 1.2344 (184 rows/s)
step 950/7140 epoch 0 loss 1.7239 (186 rows/s)
step 1000/7140 epoch 0 loss 1.3104 (188 rows/s)
step 1050/7140 epoch 0 loss 1.2917 (190 rows/s)
step 1100/7140 epoch 0 loss 1.2380 (191 rows/s)
step 1150/7140 epoch 0 loss 1.2764 (193 rows/s)
  [val] step 1188 centered_pearson=0.0577 mse=1.5730
step 1200/7140 epoch 1 loss 1.1841 (183 rows/s)
step 1250/7140 epoch 1 loss 1.4394 (185 rows/s)
step 1300/7140 epoch 1 loss 1.6834 (186 rows/s)
step 1350/7140 epoch 1 loss 1.5983 (188 rows/s)
step 1400/7140 epoch 1 loss 1.4450 (189 rows/s)
step 1450/7140 epoch 1 loss 1.3835 (190 rows/s)
  [val] step 1485 centered_pearson=0.0596 mse=1.5610
step 1500/7140 epoch 1 loss 1.2832 (183 rows/s)
step 1550/7140 epoch 1 loss 1.3731 (185 rows/s)
step 1600/7140 epoch 1 loss 1.7637 (186 rows/s)
step 1650/7140 epoch 1 loss 1.3859 (187 rows/s)
step 1700/7140 epoch 1 loss 1.3787 (188 rows/s)
step 1750/7140 epoch 1 loss 1.7696 (189 rows/s)
  [val] step 1782 centered_pearson=0.0616 mse=1.5747
step 1800/7140 epoch 1 loss 1.3492 (183 rows/s)
step 1850/7140 epoch 1 loss 1.4429 (184 rows/s)
step 1900/7140 epoch 1 loss 1.6894 (185 rows/s)
step 1950/7140 epoch 1 loss 1.1746 (186 rows/s)
step 2000/7140 epoch 1 loss 1.1022 (188 rows/s)
step 2050/7140 epoch 1 loss 1.4333 (189 rows/s)
  [val] step 2079 centered_pearson=0.0564 mse=1.5815
step 2100/7140 epoch 1 loss 1.1670 (183 rows/s)
step 2150/7140 epoch 1 loss 1.1290 (184 rows/s)
step 2200/7140 epoch 1 loss 1.2729 (185 rows/s)
step 2250/7140 epoch 1 loss 1.7250 (186 rows/s)
step 2300/7140 epoch 1 loss 1.4301 (187 rows/s)
step 2350/7140 epoch 1 loss 1.2611 (188 rows/s)
  [val] step 2376 centered_pearson=0.0596 mse=1.5656
step 2400/7140 epoch 2 loss 1.0357 (183 rows/s)
step 2450/7140 epoch 2 loss 1.1738 (184 rows/s)
step 2500/7140 epoch 2 loss 1.2499 (184 rows/s)
step 2550/7140 epoch 2 loss 1.2206 (185 rows/s)
step 2600/7140 epoch 2 loss 1.5868 (185 rows/s)
step 2650/7140 epoch 2 loss 1.4873 (186 rows/s)
  [val] step 2673 centered_pearson=0.0624 mse=1.5771
step 2700/7140 epoch 2 loss 1.0720 (182 rows/s)
step 2750/7140 epoch 2 loss 1.0765 (182 rows/s)
step 2800/7140 epoch 2 loss 1.3700 (183 rows/s)
step 2850/7140 epoch 2 loss 1.2822 (184 rows/s)
step 2900/7140 epoch 2 loss 1.1434 (184 rows/s)
step 2950/7140 epoch 2 loss 1.4739 (185 rows/s)
  [val] step 2970 centered_pearson=0.0584 mse=1.5742
step 3000/7140 epoch 2 loss 1.3464 (182 rows/s)
step 3050/7140 epoch 2 loss 1.1217 (182 rows/s)
step 3100/7140 epoch 2 loss 1.1873 (183 rows/s)
step 3150/7140 epoch 2 loss 1.3767 (184 rows/s)
step 3200/7140 epoch 2 loss 1.1309 (184 rows/s)
step 3250/7140 epoch 2 loss 1.0759 (185 rows/s)
  [val] step 3267 centered_pearson=0.0568 mse=1.5924
step 3300/7140 epoch 2 loss 1.2585 (182 rows/s)
step 3350/7140 epoch 2 loss 1.3043 (182 rows/s)
step 3400/7140 epoch 2 loss 1.0494 (183 rows/s)
step 3450/7140 epoch 2 loss 1.2886 (184 rows/s)
step 3500/7140 epoch 2 loss 1.4024 (184 rows/s)
step 3550/7140 epoch 2 loss 1.1248 (185 rows/s)
  [val] step 3564 centered_pearson=0.0522 mse=1.5731
step 3600/7140 epoch 3 loss 1.0580 (182 rows/s)
step 3650/7140 epoch 3 loss 1.3955 (182 rows/s)
step 3700/7140 epoch 3 loss 1.2768 (183 rows/s)
step 3750/7140 epoch 3 loss 1.1473 (183 rows/s)
step 3800/7140 epoch 3 loss 1.0431 (184 rows/s)
step 3850/7140 epoch 3 loss 1.0823 (184 rows/s)
  [val] step 3861 centered_pearson=0.0581 mse=1.5804
step 3900/7140 epoch 3 loss 1.3562 (181 rows/s)
step 3950/7140 epoch 3 loss 1.1240 (182 rows/s)
step 4000/7140 epoch 3 loss 1.3891 (182 rows/s)
step 4050/7140 epoch 3 loss 1.1924 (182 rows/s)
step 4100/7140 epoch 3 loss 1.2943 (183 rows/s)
step 4150/7140 epoch 3 loss 1.4407 (183 rows/s)
  [val] step 4158 centered_pearson=0.0587 mse=1.5818
step 4200/7140 epoch 3 loss 1.1391 (180 rows/s)
step 4250/7140 epoch 3 loss 1.0739 (181 rows/s)
step 4300/7140 epoch 3 loss 1.0427 (181 rows/s)
step 4350/7140 epoch 3 loss 1.1093 (182 rows/s)
step 4400/7140 epoch 3 loss 1.5021 (182 rows/s)
step 4450/7140 epoch 3 loss 1.1901 (182 rows/s)
  [val] step 4455 centered_pearson=0.0582 mse=1.5755
step 4500/7140 epoch 3 loss 1.2737 (180 rows/s)
step 4550/7140 epoch 3 loss 1.4905 (181 rows/s)
step 4600/7140 epoch 3 loss 1.3148 (181 rows/s)
step 4650/7140 epoch 3 loss 1.1183 (182 rows/s)
step 4700/7140 epoch 3 loss 1.4092 (182 rows/s)
step 4750/7140 epoch 3 loss 1.4562 (182 rows/s)
  [val] step 4752 centered_pearson=0.0583 mse=1.5821
step 4800/7140 epoch 4 loss 1.1104 (180 rows/s)
step 4850/7140 epoch 4 loss 1.2495 (181 rows/s)
step 4900/7140 epoch 4 loss 1.1293 (181 rows/s)
step 4950/7140 epoch 4 loss 1.0208 (182 rows/s)
step 5000/7140 epoch 4 loss 1.2383 (182 rows/s)
  [val] step 5049 centered_pearson=0.0550 mse=1.5884
step 5050/7140 epoch 4 loss 1.0886 (180 rows/s)
step 5100/7140 epoch 4 loss 1.1181 (180 rows/s)
step 5150/7140 epoch 4 loss 1.1912 (181 rows/s)
step 5200/7140 epoch 4 loss 1.1359 (181 rows/s)
step 5250/7140 epoch 4 loss 1.0355 (181 rows/s)
step 5300/7140 epoch 4 loss 1.0359 (182 rows/s)
  [val] step 5346 centered_pearson=0.0570 mse=1.5831
step 5350/7140 epoch 4 loss 1.1652 (180 rows/s)
step 5400/7140 epoch 4 loss 1.0632 (180 rows/s)
step 5450/7140 epoch 4 loss 1.3475 (181 rows/s)
step 5500/7140 epoch 4 loss 0.9003 (181 rows/s)
step 5550/7140 epoch 4 loss 1.2763 (182 rows/s)
step 5600/7140 epoch 4 loss 1.1465 (182 rows/s)
  [val] step 5643 centered_pearson=0.0559 mse=1.5860
step 5650/7140 epoch 4 loss 1.1528 (180 rows/s)
step 5700/7140 epoch 4 loss 1.2863 (180 rows/s)
step 5750/7140 epoch 4 loss 1.1812 (181 rows/s)
step 5800/7140 epoch 4 loss 1.2141 (181 rows/s)
step 5850/7140 epoch 4 loss 1.0858 (181 rows/s)
step 5900/7140 epoch 4 loss 1.5102 (182 rows/s)
  [val] step 5940 centered_pearson=0.0563 mse=1.5873
step 5950/7140 epoch 4 loss 1.3275 (180 rows/s)
step 6000/7140 epoch 5 loss 1.2477 (180 rows/s)
step 6050/7140 epoch 5 loss 1.1556 (181 rows/s)
step 6100/7140 epoch 5 loss 1.2965 (181 rows/s)
step 6150/7140 epoch 5 loss 1.3019 (181 rows/s)
step 6200/7140 epoch 5 loss 1.6945 (181 rows/s)
  [val] step 6237 centered_pearson=0.0552 mse=1.5930
step 6250/7140 epoch 5 loss 0.8989 (180 rows/s)
step 6300/7140 epoch 5 loss 1.3547 (180 rows/s)
step 6350/7140 epoch 5 loss 1.1493 (180 rows/s)
step 6400/7140 epoch 5 loss 1.1456 (181 rows/s)
step 6450/7140 epoch 5 loss 1.1060 (181 rows/s)
step 6500/7140 epoch 5 loss 1.1122 (181 rows/s)
  [val] step 6534 centered_pearson=0.0551 mse=1.5915
step 6550/7140 epoch 5 loss 1.0121 (180 rows/s)
step 6600/7140 epoch 5 loss 1.4273 (180 rows/s)
step 6650/7140 epoch 5 loss 1.2089 (180 rows/s)
step 6700/7140 epoch 5 loss 1.2221 (181 rows/s)
step 6750/7140 epoch 5 loss 1.1897 (181 rows/s)
step 6800/7140 epoch 5 loss 0.9638 (181 rows/s)
  [val] step 6831 centered_pearson=0.0550 mse=1.5914
step 6850/7140 epoch 5 loss 1.2315 (180 rows/s)
step 6900/7140 epoch 5 loss 1.2630 (180 rows/s)
step 6950/7140 epoch 5 loss 0.9349 (180 rows/s)
step 7000/7140 epoch 5 loss 1.7961 (181 rows/s)
step 7050/7140 epoch 5 loss 1.0745 (181 rows/s)
step 7100/7140 epoch 5 loss 1.1703 (181 rows/s)
  [val] step 7128 centered_pearson=0.0551 mse=1.5912
  [val] step 7140 centered_pearson=0.0552 mse=1.5913
best val centered_pearson=0.0624 at step 2673
[qwen_smiles | val] pearson=0.2044  centered_pearson=0.0624  delta_pearson=0.0794  retrieval=0.4345  topk_dir=0.1569  rmse=1.1536
[qwen_smiles | test] pearson=0.1940  centered_pearson=0.0392  delta_pearson=0.0675  retrieval=0.4706  topk_dir=0.1507  rmse=1.1296
