example prompt (qwen_ctx):
cell line: A375 (skin)
time: 24 h
dose: 10 uM
---
prompt tokens: median=28 max=36
trainable parameters: 9.68M
step 50/7140 epoch 0 loss 1.0497 (488 rows/s)
step 100/7140 epoch 0 loss 1.3740 (512 rows/s)
step 150/7140 epoch 0 loss 1.9310 (521 rows/s)
step 200/7140 epoch 0 loss 2.0050 (527 rows/s)
step 250/7140 epoch 0 loss 1.2903 (531 rows/s)
  [val] step 297 centered_pearson=-0.0026 mse=1.6046
step 300/7140 epoch 0 loss 1.4810 (429 rows/s)
step 350/7140 epoch 0 loss 1.6865 (442 rows/s)
step 400/7140 epoch 0 loss 1.5547 (452 rows/s)
step 450/7140 epoch 0 loss 1.5201 (460 rows/s)
step 500/7140 epoch 0 loss 1.4968 (466 rows/s)
step 550/7140 epoch 0 loss 1.3648 (472 rows/s)
  [val] step 594 centered_pearson=0.0001 mse=1.6035
step 600/7140 epoch 0 loss 1.6368 (429 rows/s)
step 650/7140 epoch 0 loss 1.2800 (436 rows/s)
step 700/7140 epoch 0 loss 1.3747 (442 rows/s)
step 750/7140 epoch 0 loss 1.5289 (447 rows/s)
step 800/7140 epoch 0 loss 1.3686 (451 rows/s)
step 850/7140 epoch 0 loss 1.0804 (455 rows/s)
  [val] step 891 centered_pearson=-0.0007 mse=1.6033
step 900/7140 epoch 0 loss 3.0788 (428 rows/s)
step 950/7140 epoch 0 loss 1.4819 (433 rows/s)
step 1000/7140 epoch 0 loss 1.8403 (436 rows/s)
step 1050/7140 epoch 0 loss 1.3065 (440 rows/s)
step 1100/7140 epoch 0 loss 1.1939 (443 rows/s)
step 1150/7140 epoch 0 loss 1.2011 (447 rows/s)
  [val] step 1188 centered_pearson=0.0029 mse=1.6030
step 1200/7140 epoch 1 loss 1.7504 (427 rows/s)
step 1250/7140 epoch 1 loss 1.3716 (430 rows/s)
step 1300/7140 epoch 1 loss 1.4753 (433 rows/s)
step 1350/7140 epoch 1 loss 1.9539 (435 rows/s)
step 1400/7140 epoch 1 loss 1.3505 (438 rows/s)
step 1450/7140 epoch 1 loss 1.8233 (440 rows/s)
  [val] step 1485 centered_pearson=0.0080 mse=1.6028
step 1500/7140 epoch 1 loss 1.1909 (425 rows/s)
step 1550/7140 epoch 1 loss 1.2570 (428 rows/s)
step 1600/7140 epoch 1 loss 1.3659 (430 rows/s)
step 1650/7140 epoch 1 loss 1.8004 (432 rows/s)
step 1700/7140 epoch 1 loss 2.2581 (435 rows/s)
step 1750/7140 epoch 1 loss 1.4330 (437 rows/s)
  [val] step 1782 centered_pearson=0.0010 mse=1.6024
step 1800/7140 epoch 1 loss 1.9322 (424 rows/s)
step 1850/7140 epoch 1 loss 2.1697 (427 rows/s)
step 1900/7140 epoch 1 loss 1.2538 (429 rows/s)
step 1950/7140 epoch 1 loss 2.1150 (431 rows/s)
step 2000/7140 epoch 1 loss 2.0965 (433 rows/s)
step 2050/7140 epoch 1 loss 1.4403 (435 rows/s)
  [val] step 2079 centered_pearson=-0.0002 mse=1.6026
step 2100/7140 epoch 1 loss 1.7148 (424 rows/s)
step 2150/7140 epoch 1 loss 1.7521 (426 rows/s)
step 2200/7140 epoch 1 loss 1.5547 (428 rows/s)
step 2250/7140 epoch 1 loss 1.4876 (429 rows/s)
step 2300/7140 epoch 1 loss 1.5826 (431 rows/s)
step 2350/7140 epoch 1 loss 1.8402 (433 rows/s)
  [val] step 2376 centered_pearson=-0.0003 mse=1.6029
step 2400/7140 epoch 2 loss 2.3139 (423 rows/s)
step 2450/7140 epoch 2 loss 1.1151 (425 rows/s)
step 2500/7140 epoch 2 loss 1.7445 (426 rows/s)
step 2550/7140 epoch 2 loss 1.5876 (428 rows/s)
step 2600/7140 epoch 2 loss 1.1288 (429 rows/s)
step 2650/7140 epoch 2 loss 1.4820 (431 rows/s)
  [val] step 2673 centered_pearson=-0.0017 mse=1.6028
step 2700/7140 epoch 2 loss 1.5806 (422 rows/s)
step 2750/7140 epoch 2 loss 2.1621 (424 rows/s)
step 2800/7140 epoch 2 loss 1.3115 (425 rows/s)
step 2850/7140 epoch 2 loss 1.8031 (426 rows/s)
step 2900/7140 epoch 2 loss 1.2324 (427 rows/s)
step 2950/7140 epoch 2 loss 1.3913 (429 rows/s)
  [val] step 2970 centered_pearson=-0.0059 mse=1.6026
step 3000/7140 epoch 2 loss 1.7192 (421 rows/s)
step 3050/7140 epoch 2 loss 1.5901 (423 rows/s)
step 3100/7140 epoch 2 loss 1.6214 (424 rows/s)
step 3150/7140 epoch 2 loss 1.4223 (425 rows/s)
step 3200/7140 epoch 2 loss 2.3510 (426 rows/s)
step 3250/7140 epoch 2 loss 2.1587 (428 rows/s)
  [val] step 3267 centered_pearson=-0.0017 mse=1.6031
step 3300/7140 epoch 2 loss 1.2823 (421 rows/s)
step 3350/7140 epoch 2 loss 1.7080 (422 rows/s)
step 3400/7140 epoch 2 loss 1.3160 (423 rows/s)
step 3450/7140 epoch 2 loss 1.4106 (424 rows/s)
step 3500/7140 epoch 2 loss 1.6717 (426 rows/s)
step 3550/7140 epoch 2 loss 1.7761 (427 rows/s)
  [val] step 3564 centered_pearson=-0.0003 mse=1.6030
step 3600/7140 epoch 3 loss 2.5112 (420 rows/s)
step 3650/7140 epoch 3 loss 1.3985 (421 rows/s)
step 3700/7140 epoch 3 loss 1.4809 (423 rows/s)
step 3750/7140 epoch 3 loss 2.1369 (424 rows/s)
step 3800/7140 epoch 3 loss 1.5624 (425 rows/s)
step 3850/7140 epoch 3 loss 3.3749 (426 rows/s)
  [val] step 3861 centered_pearson=-0.0012 mse=1.6030
step 3900/7140 epoch 3 loss 1.7365 (420 rows/s)
step 3950/7140 epoch 3 loss 1.3381 (421 rows/s)
step 4000/7140 epoch 3 loss 1.7196 (421 rows/s)
step 4050/7140 epoch 3 loss 2.5691 (422 rows/s)
step 4100/7140 epoch 3 loss 1.5472 (423 rows/s)
step 4150/7140 epoch 3 loss 2.4622 (424 rows/s)
  [val] step 4158 centered_pearson=0.0008 mse=1.6029
step 4200/7140 epoch 3 loss 1.4590 (418 rows/s)
step 4250/7140 epoch 3 loss 2.1286 (419 rows/s)
step 4300/7140 epoch 3 loss 2.4249 (420 rows/s)
step 4350/7140 epoch 3 loss 1.5383 (421 rows/s)
step 4400/7140 epoch 3 loss 1.1619 (421 rows/s)
step 4450/7140 epoch 3 loss 2.1351 (422 rows/s)
  [val] step 4455 centered_pearson=0.0006 mse=1.6025
step 4500/7140 epoch 3 loss 1.2292 (417 rows/s)
step 4550/7140 epoch 3 loss 1.5060 (418 rows/s)
step 4600/7140 epoch 3 loss 2.4532 (419 rows/s)
step 4650/7140 epoch 3 loss 3.4711 (419 rows/s)
step 4700/7140 epoch 3 loss 2.1968 (420 rows/s)
step 4750/7140 epoch 3 loss 1.4188 (421 rows/s)
  [val] step 4752 centered_pearson=-0.0002 mse=1.6025
step 4800/7140 epoch 4 loss 1.5264 (416 rows/s)
step 4850/7140 epoch 4 loss 1.2396 (417 rows/s)
step 4900/7140 epoch 4 loss 2.1720 (418 rows/s)
step 4950/7140 epoch 4 loss 1.9216 (419 rows/s)
step 5000/7140 epoch 4 loss 1.1970 (419 rows/s)
  [val] step 5049 centered_pearson=0.0001 mse=1.6029
step 5050/7140 epoch 4 loss 1.4959 (415 rows/s)
step 5100/7140 epoch 4 loss 1.2262 (416 rows/s)
step 5150/7140 epoch 4 loss 1.5405 (416 rows/s)
step 5200/7140 epoch 4 loss 1.3358 (417 rows/s)
step 5250/7140 epoch 4 loss 1.4408 (418 rows/s)
step 5300/7140 epoch 4 loss 2.7316 (418 rows/s)
  [val] step 5346 centered_pearson=0.0011 mse=1.6027
step 5350/7140 epoch 4 loss 1.1559 (414 rows/s)
step 5400/7140 epoch 4 loss 2.3208 (415 rows/s)
step 5450/7140 epoch 4 loss 2.2816 (416 rows/s)
step 5500/7140 epoch 4 loss 1.9139 (416 rows/s)
step 5550/7140 epoch 4 loss 1.8493 (417 rows/s)
step 5600/7140 epoch 4 loss 1.6323 (417 rows/s)
  [val] step 5643 centered_pearson=-0.0005 mse=1.6026
step 5650/7140 epoch 4 loss 1.4477 (414 rows/s)
step 5700/7140 epoch 4 loss 1.9910 (414 rows/s)
step 5750/7140 epoch 4 loss 1.3829 (415 rows/s)
step 5800/7140 epoch 4 loss 2.1146 (415 rows/s)
step 5850/7140 epoch 4 loss 1.4834 (416 rows/s)
step 5900/7140 epoch 4 loss 1.7935 (416 rows/s)
  [val] step 5940 centered_pearson=-0.0001 mse=1.6025
step 5950/7140 epoch 4 loss 1.7609 (413 rows/s)
step 6000/7140 epoch 5 loss 1.3598 (413 rows/s)
step 6050/7140 epoch 5 loss 1.2379 (414 rows/s)
step 6100/7140 epoch 5 loss 1.1948 (414 rows/s)
step 6150/7140 epoch 5 loss 1.2909 (415 rows/s)
step 6200/7140 epoch 5 loss 1.8081 (416 rows/s)
  [val] step 6237 centered_pearson=0.0003 mse=1.6026
step 6250/7140 epoch 5 loss 1.4904 (412 rows/s)
step 6300/7140 epoch 5 loss 1.1928 (413 rows/s)
step 6350/7140 epoch 5 loss 1.1423 (414 rows/s)
step 6400/7140 epoch 5 loss 1.4004 (414 rows/s)
step 6450/7140 epoch 5 loss 1.2718 (415 rows/s)
step 6500/7140 epoch 5 loss 1.3843 (416 rows/s)
  [val] step 6534 centered_pearson=-0.0016 mse=1.6026
step 6550/7140 epoch 5 loss 1.5016 (412 rows/s)
step 6600/7140 epoch 5 loss 1.7676 (413 rows/s)
step 6650/7140 epoch 5 loss 1.5668 (414 rows/s)
step 6700/7140 epoch 5 loss 1.4242 (414 rows/s)
step 6750/7140 epoch 5 loss 1.1986 (415 rows/s)
step 6800/7140 epoch 5 loss 1.7203 (415 rows/s)
  [val] step 6831 centered_pearson=-0.0011 mse=1.6026
step 6850/7140 epoch 5 loss 1.3610 (412 rows/s)
step 6900/7140 epoch 5 loss 1.3447 (413 rows/s)
step 6950/7140 epoch 5 loss 1.3116 (414 rows/s)
step 7000/7140 epoch 5 loss 2.0533 (414 rows/s)
step 7050/7140 epoch 5 loss 1.5553 (415 rows/s)
step 7100/7140 epoch 5 loss 2.4021 (415 rows/s)
  [val] step 7128 centered_pearson=-0.0010 mse=1.6026
  [val] step 7140 centered_pearson=-0.0009 mse=1.6026
best val centered_pearson=0.0080 at step 1485
[qwen_ctx | val] pearson=0.2014  centered_pearson=0.0094  delta_pearson=0.0132  retrieval=0.4940  topk_dir=0.1596  rmse=1.1574
[qwen_ctx | test] pearson=0.1998  centered_pearson=0.0015  delta_pearson=0.0148  retrieval=0.4992  topk_dir=0.1551  rmse=1.1244
