                                       pearson        centered_pearson         delta_pearson             retrieval              topk_dir                  rmse      pearson (active) centered_pearson (active)    retrieval (active)
qwen_ctx                  0.200 [0.194, 0.206]  -0.000 [-0.001, 0.001]  0.017 [0.012, 0.020]  0.500 [0.494, 0.503]  0.155 [0.151, 0.159]  1.124 [1.091, 1.162]  0.345 [0.330, 0.360]     0.002 [-0.001, 0.006]  0.496 [0.488, 0.504]
context_mean              0.200 [0.193, 0.206]    0.000 [0.000, 0.000]  0.000 [0.000, 0.000]  0.500 [0.500, 0.500]  0.155 [0.151, 0.159]  1.124 [1.091, 1.162]  0.346 [0.331, 0.360]      0.000 [0.000, 0.000]  0.500 [0.500, 0.500]
zero                      0.000 [0.000, 0.000]    0.000 [0.000, 0.000]  0.069 [0.059, 0.080]  0.500 [0.500, 0.500]  0.047 [0.047, 0.048]  1.142 [1.106, 1.181]  0.000 [0.000, 0.000]      0.000 [0.000, 0.000]  0.500 [0.500, 0.500]
qwen_name                 0.174 [0.166, 0.181]    0.031 [0.022, 0.039]  0.048 [0.038, 0.057]  0.468 [0.448, 0.488]  0.138 [0.133, 0.141]  1.155 [1.121, 1.194]  0.265 [0.249, 0.282]    -0.005 [-0.026, 0.017]  0.459 [0.426, 0.492]
probe_smiles_mean24       0.195 [0.186, 0.203]    0.034 [0.024, 0.046]  0.068 [0.057, 0.080]  0.461 [0.443, 0.478]  0.152 [0.147, 0.157]  1.130 [1.098, 1.164]  0.299 [0.278, 0.320]      0.036 [0.010, 0.061]  0.443 [0.410, 0.475]
probe_name+smiles_eos12   0.194 [0.186, 0.202]    0.035 [0.025, 0.045]  0.065 [0.055, 0.077]  0.468 [0.450, 0.486]  0.150 [0.146, 0.155]  1.130 [1.098, 1.166]  0.298 [0.280, 0.316]     0.002 [-0.019, 0.025]  0.485 [0.456, 0.515]
probe_name_mean24         0.184 [0.175, 0.192]    0.038 [0.027, 0.049]  0.057 [0.046, 0.070]  0.465 [0.446, 0.485]  0.143 [0.139, 0.148]  1.144 [1.110, 1.182]  0.293 [0.274, 0.311]     0.018 [-0.004, 0.040]  0.446 [0.414, 0.477]
probe_name+smiles_eos24   0.195 [0.187, 0.202]    0.038 [0.029, 0.048]  0.059 [0.049, 0.069]  0.466 [0.448, 0.486]  0.151 [0.147, 0.156]  1.135 [1.102, 1.173]  0.306 [0.291, 0.323]    -0.015 [-0.039, 0.008]  0.464 [0.431, 0.498]
probe_name+smiles_mean24  0.192 [0.183, 0.201]    0.039 [0.029, 0.050]  0.062 [0.051, 0.074]  0.469 [0.452, 0.485]  0.151 [0.147, 0.157]  1.134 [1.101, 1.170]  0.310 [0.288, 0.329]      0.030 [0.003, 0.059]  0.454 [0.415, 0.488]
qwen_smiles               0.194 [0.186, 0.203]    0.039 [0.028, 0.050]  0.067 [0.056, 0.078]  0.471 [0.453, 0.489]  0.151 [0.146, 0.156]  1.130 [1.098, 1.165]  0.301 [0.284, 0.319]     0.010 [-0.014, 0.035]  0.453 [0.419, 0.484]
probe_name+smiles_mean12  0.194 [0.186, 0.202]    0.040 [0.028, 0.050]  0.071 [0.059, 0.082]  0.453 [0.435, 0.473]  0.152 [0.147, 0.157]  1.129 [1.097, 1.165]  0.303 [0.284, 0.321]      0.043 [0.017, 0.067]  0.425 [0.395, 0.457]
ridge_fp                  0.201 [0.193, 0.210]    0.041 [0.031, 0.054]  0.050 [0.040, 0.064]  0.440 [0.418, 0.460]  0.155 [0.150, 0.159]  1.124 [1.092, 1.161]  0.340 [0.322, 0.356]      0.045 [0.022, 0.068]  0.425 [0.389, 0.461]
knn_tanimoto              0.172 [0.162, 0.182]    0.043 [0.033, 0.054]  0.053 [0.043, 0.065]  0.438 [0.420, 0.455]  0.142 [0.137, 0.148]  1.143 [1.112, 1.178]  0.293 [0.273, 0.314]      0.067 [0.041, 0.094]  0.404 [0.372, 0.436]
qwen_full                 0.200 [0.193, 0.207]    0.044 [0.034, 0.055]  0.061 [0.051, 0.073]  0.468 [0.449, 0.486]  0.155 [0.151, 0.159]  1.127 [1.095, 1.164]  0.329 [0.313, 0.344]    -0.020 [-0.042, 0.004]  0.456 [0.423, 0.487]
qwen_main                 0.187 [0.177, 0.196]    0.045 [0.034, 0.057]  0.059 [0.047, 0.070]  0.449 [0.429, 0.470]  0.146 [0.141, 0.151]  1.135 [1.105, 1.169]  0.302 [0.283, 0.321]      0.027 [0.005, 0.050]  0.435 [0.403, 0.471]
mlp_fp                    0.181 [0.170, 0.193]    0.054 [0.041, 0.068]  0.071 [0.058, 0.086]  0.442 [0.420, 0.462]  0.143 [0.137, 0.150]  1.148 [1.116, 1.185]  0.279 [0.254, 0.303]      0.055 [0.026, 0.083]  0.412 [0.379, 0.449]
probe_fp+qwen_mean24      0.178 [0.168, 0.188]    0.064 [0.053, 0.077]  0.058 [0.046, 0.072]  0.456 [0.436, 0.473]  0.142 [0.137, 0.148]  1.184 [1.147, 1.225]  0.296 [0.273, 0.319]     0.029 [-0.002, 0.061]  0.434 [0.399, 0.473]

paired (model - mlp_fp), compound bootstrap:
                                          pearson         centered_pearson            delta_pearson                retrieval                 topk_dir                     rmse
context_mean              +0.019 [+0.009, +0.028]  -0.054 [-0.068, -0.041]  -0.071 [-0.085, -0.058]  +0.058 [+0.037, +0.079]  +0.012 [+0.007, +0.017]  -0.024 [-0.033, -0.014]
knn_tanimoto              -0.009 [-0.016, -0.002]  -0.011 [-0.021, -0.001]  -0.018 [-0.029, -0.008]  -0.004 [-0.023, +0.016]  -0.001 [-0.004, +0.002]  -0.005 [-0.012, +0.002]
probe_fp+qwen_mean24      -0.003 [-0.012, +0.004]  +0.010 [-0.002, +0.022]  -0.013 [-0.026, -0.000]  +0.014 [-0.008, +0.037]  -0.001 [-0.005, +0.003]  +0.035 [+0.018, +0.055]
probe_name+smiles_eos12   +0.013 [+0.003, +0.022]  -0.019 [-0.033, -0.005]  -0.006 [-0.020, +0.008]  +0.025 [+0.001, +0.051]  +0.008 [+0.003, +0.012]  -0.018 [-0.028, -0.008]
probe_name+smiles_eos24   +0.014 [+0.004, +0.023]  -0.016 [-0.031, -0.001]  -0.012 [-0.027, +0.004]  +0.024 [-0.004, +0.050]  +0.009 [+0.003, +0.013]  -0.013 [-0.024, -0.002]
probe_name+smiles_mean12  +0.013 [+0.004, +0.023]  -0.014 [-0.029, -0.000]  +0.001 [-0.014, +0.015]  +0.011 [-0.013, +0.036]  +0.009 [+0.004, +0.014]  -0.019 [-0.029, -0.010]
probe_name+smiles_mean24  +0.011 [+0.003, +0.019]  -0.015 [-0.027, -0.003]  -0.009 [-0.021, +0.004]  +0.027 [+0.004, +0.050]  +0.009 [+0.004, +0.012]  -0.015 [-0.023, -0.006]
probe_name_mean24         +0.003 [-0.007, +0.012]  -0.016 [-0.031, -0.002]  -0.014 [-0.029, +0.001]  +0.023 [-0.001, +0.048]  +0.000 [-0.005, +0.005]  -0.004 [-0.017, +0.011]
probe_smiles_mean24       +0.014 [+0.005, +0.023]  -0.020 [-0.033, -0.007]  -0.003 [-0.017, +0.011]  +0.018 [-0.006, +0.043]  +0.009 [+0.004, +0.013]  -0.018 [-0.028, -0.008]
qwen_ctx                  +0.019 [+0.009, +0.029]  -0.054 [-0.068, -0.041]  -0.054 [-0.070, -0.040]  +0.057 [+0.037, +0.079]  +0.012 [+0.007, +0.017]  -0.024 [-0.033, -0.014]
qwen_full                 +0.019 [+0.010, +0.028]  -0.010 [-0.026, +0.006]  -0.010 [-0.026, +0.007]  +0.026 [-0.003, +0.054]  +0.012 [+0.007, +0.016]  -0.021 [-0.031, -0.011]
qwen_main                 +0.006 [-0.003, +0.015]  -0.009 [-0.022, +0.004]  -0.012 [-0.026, +0.001]  +0.006 [-0.018, +0.032]  +0.003 [-0.002, +0.008]  -0.013 [-0.024, -0.002]
qwen_name                 -0.007 [-0.017, +0.002]  -0.023 [-0.037, -0.010]  -0.023 [-0.039, -0.009]  +0.025 [+0.002, +0.050]  -0.005 [-0.011, -0.000]  +0.007 [-0.007, +0.021]
qwen_smiles               +0.013 [+0.005, +0.021]  -0.015 [-0.027, -0.002]  -0.003 [-0.016, +0.009]  +0.028 [+0.005, +0.052]  +0.008 [+0.004, +0.012]  -0.019 [-0.027, -0.009]
ridge_fp                  +0.020 [+0.012, +0.028]  -0.013 [-0.024, -0.001]  -0.020 [-0.032, -0.008]  -0.002 [-0.024, +0.020]  +0.012 [+0.008, +0.015]  -0.024 [-0.032, -0.015]
zero                      -0.181 [-0.193, -0.170]  -0.054 [-0.068, -0.041]  -0.002 [-0.021, +0.015]  +0.058 [+0.037, +0.079]  -0.096 [-0.102, -0.090]  -0.007 [-0.017, +0.005]

                          within-context AUROC (active | predicted strength)
qwen_ctx                                                               0.494
context_mean                                                           0.500
zero                                                                   0.500
qwen_name                                                              0.519
probe_name+smiles_eos24                                                0.530
qwen_smiles                                                            0.549
qwen_full                                                              0.557
probe_name+smiles_eos12                                                0.557
probe_smiles_mean24                                                    0.561
ridge_fp                                                               0.570
knn_tanimoto                                                           0.582
probe_name_mean24                                                      0.582
probe_name+smiles_mean24                                               0.582
probe_name+smiles_mean12                                               0.584
qwen_main                                                              0.585
mlp_fp                                                                 0.592
probe_fp+qwen_mean24                                                   0.623
